logic__73: 
logic__228: 
case__158: 
datapath__19: 
case__43: 
case__74: 
case__103: 
reg__13: 
logic__251: 
logic__63: 
reg__60: 
logic__187: 
logic__22: 
datapath__27: 
addsub: 
logic__52: 
case__105: 
logic__243: 
datapath__31: 
reg__75: 
datapath__23: 
logic__331: 
axi_bram_ctrl_top: 
logic__171: 
case__19: 
logic__333: 
case__32: 
logic__320: 
logic__299: 
case__78: 
reg__113: 
case__71: 
logic__227: 
logic__120: 
reg__58: 
reg__104: 
logic__312: 
reg__30: 
reg__35: 
case__20: 
case__86: 
rd_chnl: 
logic__268: 
case__150: 
case__179: 
logic__175: 
case__154: 
case__33: 
case__160: 
reg__49: 
reg__14: 
reg__9: 
case__171: 
case__49: 
case: 
logic__332: 
case__141: 
case__104: 
logic__11: 
case__169: 
logic__265: 
case__2: 
signinv: 
muxpart__10: 
logic__345: 
reg__85: 
case__63: 
logic__256: 
case__176: 
datapath__29: 
reg__86: 
logic__99: 
logic__476: 
case__156: 
logic__140: 
case__174: 
case__159: 
axi_bram_ctrl: 
datapath__15: 
reg__92: 
logic__215: 
reg__127: 
reg__53: 
case__41: 
case__64: 
reg__54: 
reg__73: 
reg__32: 
datapath__11: 
logic__132: 
reg__55: 
reg__40: 
case__39: 
logic__100: 
reg__56: 
reg__121: 
logic__307: 
datapath__26: 
case__47: 
case__40: 
logic__330: 
reg__33: 
reg__26: 
logic__18: 
logic__475: 
case__165: 
logic__323: 
logic__280: 
reg__59: 
logic__226: 
datapath__10: 
logic__141: 
reg__126: 
reg__15: 
logic__68: 
logic__477: 
case__98: 
case__91: 
reg__57: 
case__107: 
logic__340: 
reg__118: 
case__93: 
case__70: 
reg__50: 
logic__199: 
logic__70: 
logic__133: 
logic__60: 
reg__48: 
case__87: 
reg__89: 
datapath__2: 
reg__36: 
reg__31: 
logic__266: 
reg__80: 
case__110: 
reg__77: 
case__67: 
case__77: 
case__149: 
case__25: 
reg__25: 
case__35: 
reg__70: 
logic__479: 
logic__472: 
logic__123: 
case__79: 
reg__131: 
case__157: 
logic__206: 
reg__79: 
reg__124: 
datapath__16: 
logic__467: 
reg__5: 
case__102: 
case__46: 
logic__67: 
reg__123: 
logic__131: 
reg__116: 
reg__108: 
datapath__5: 
case__140: 
case__139: 
case__23: 
logic__1: 
logic__257: 
reg__7: 
case__88: 
logic__262: 
logic__271: 
reg__129: 
logic__279: 
logic__347: 
logic__317: 
reg__72: 
logic__223: 
case__137: 
reg__34: 
datapath__28: 
reg__6: 
ua_narrow: 
logic__180: 
logic__246: 
datapath__32: 
reg__22: 
logic__336: 
reg__4: 
reg__107: 
case__72: 
case__97: 
reg__66: 
case__99: 
case__148: 
logic__489: 
case__168: 
case__143: 
case__101: 
reg__99: 
reg__71: 
logic__462: 
datapath__18: 
logic__91: 
reg__94: 
reg__69: 
logic__66: 
logic__139: 
reg__16: 
case__111: 
reg__96: 
reg__52: 
case__44: 
case__76: 
logic__114: 
logic__442: 
case__18: 
logic__214: 
logic__481: 
case__95: 
logic__181: 
reg__81: 
reg__46: 
logic__57: 
reg__128: 
logic__207: 
reg__37: 
reg__19: 
reg__68: 
reg__8: 
case__144: 
reg__74: 
reg__18: 
muxpart__22: 
logic__210: 
case__145: 
logic__242: 
logic__15: 
logic__295: 
reg__24: 
reg__101: 
reg__102: 
logic__303: 
case__138: 
datapath__13: 
datapath: 
case__167: 
case__170: 
reg__93: 
logic__478: 
reg__105: 
logic__69: 
reg__120: 
datapath__1: 
reg__106: 
logic__443: 
reg__29: 
case__24: 
logic__195: 
design_1_axi_bram_ctrl_3_0: 
logic__64: 
case__142: 
logic__229: 
logic__238: 
reg__39: 
logic__127: 
reg__78: 
case__34: 
reg__122: 
logic__339: 
logic__329: 
reg__41: 
logic__232: 
wrap_brst: 
case__37: 
logic__276: 
logic: 
logic__287: 
logic__342: 
reg__76: 
logic__480: 
reg__3: 
case__1: 
case__83: 
reg__112: 
reg__28: 
case__81: 
case__155: 
datapath__12: 
datapath__3: 
reg__110: 
datapath__21: 
muxpart__11: 
reg__103: 
case__42: 
logic__174: 
full_axi: 
logic__117: 
case__146: 
reg: 
reg__45: 
logic__62: 
logic__14: 
reg__98: 
case__75: 
logic__296: 
case__147: 
logic__192: 
case__28: 
case__108: 
reg__82: 
case__21: 
muxpart: 
case__153: 
reg__43: 
case__61: 
case__50: 
case__92: 
datapath__24: 
logic__291: 
logic__277: 
logic__196: 
case__178: 
case__73: 
case__96: 
case__45: 
case__31: 
logic__315: 
case__85: 
logic__341: 
sng_port_arb: 
reg__130: 
case__89: 
logic__8: 
logic__184: 
case__27: 
datapath__33: 
muxpart__9: 
case__69: 
case__84: 
reg__38: 
reg__21: 
datapath__20: 
case__172: 
reg__20: 
case__26: 
case__152: 
wr_chnl: 
case__22: 
datapath__25: 
logic__4: 
reg__61: 
logic__126: 
datapath__34: 
reg__10: 
reg__117: 
logic__444: 
case__65: 
logic__138: 
case__82: 
logic__254: 
case__36: 
logic__211: 
logic__278: 
case__38: 
case__62: 
logic__466: 
logic__65: 
datapath__8: 
logic__306: 
reg__42: 
logic__274: 
logic__283: 
datapath__4: 
datapath__17: 
logic__168: 
datapath__22: 
reg__23: 
reg__64: 
reg__125: 
logic__258: 
logic__482: 
case__80: 
case__175: 
logic__350: 
reg__47: 
logic__205: 
case__94: 
reg__109: 
case__112: 
case__106: 
case__66: 
case__48: 
logic__300: 
reg__44: 
logic__104: 
case__100: 
reg__63: 
reg__27: 
logic__220: 
reg__115: 
reg__62: 
SRL_FIFO: 
logic__50: 
reg__95: 
logic__61: 
logic__255: 
logic__179: 
datapath__14: 
case__166: 
logic__292: 
case__173: 
reg__67: 
reg__91: 
case__109: 
muxpart__21: 
reg__114: 
datapath__6: 
reg__51: 
logic__111: 
logic__267: 
reg__17: 
datapath__7: 
reg__65: 
logic__178: 
logic__130: 
case__177: 
case__151: 
logic__346: 
case__30: 
reg__100: 
case__90: 
datapath__30: 
case__29: 
reg__119: 
logic__237: 
datapath__9: 
logic__468: 
reg__111: 
reg__90: 
logic__19: 
reg__97: 
logic__316: 
