

================================================================
== Vivado HLS Report for 'calcPerceptron'
================================================================
* Date:           Tue Sep 22 23:46:34 2020

* Version:        2019.2 (Build 2704478 on Wed Nov 06 22:10:23 MST 2019)
* Project:        simple_perceptron
* Solution:       solution1
* Product family: zynq
* Target device:  xc7z020-clg400-1


================================================================
== Performance Estimates
================================================================
+ Timing: 
    * Summary: 
    +--------+----------+----------+------------+
    |  Clock |  Target  | Estimated| Uncertainty|
    +--------+----------+----------+------------+
    |ap_clk  | 10.00 ns | 8.677 ns |   1.25 ns  |
    +--------+----------+----------+------------+

+ Latency: 
    * Summary: 
    +---------+---------+----------+----------+-----+-----+---------+
    |  Latency (cycles) |  Latency (absolute) |  Interval | Pipeline|
    |   min   |   max   |    min   |    max   | min | max |   Type  |
    +---------+---------+----------+----------+-----+-----+---------+
    |        ?|        ?|         ?|         ?|    ?|    ?|   none  |
    +---------+---------+----------+----------+-----+-----+---------+

    + Detail: 
        * Instance: 
        N/A

        * Loop: 
        +-------------+---------+---------+----------+-----------+-----------+------+----------+
        |             |  Latency (cycles) | Iteration|  Initiation Interval  | Trip |          |
        |  Loop Name  |   min   |   max   |  Latency |  achieved |   target  | Count| Pipelined|
        +-------------+---------+---------+----------+-----------+-----------+------+----------+
        |- Loop 1     |        ?|        ?|         ?|          -|          -|     ?|    no    |
        | + Loop 1.1  |        ?|        ?|        11|          -|          -|     ?|    no    |
        +-------------+---------+---------+----------+-----------+-----------+------+----------+



================================================================
== Utilization Estimates
================================================================
* Summary: 
+-----------------+---------+-------+--------+-------+-----+
|       Name      | BRAM_18K| DSP48E|   FF   |  LUT  | URAM|
+-----------------+---------+-------+--------+-------+-----+
|DSP              |        -|      -|       -|      -|    -|
|Expression       |        -|      -|       0|    287|    -|
|FIFO             |        -|      -|       -|      -|    -|
|Instance         |        0|     12|    1574|   2925|    -|
|Memory           |        -|      -|       -|      -|    -|
|Multiplexer      |        -|      -|       -|    298|    -|
|Register         |        -|      -|     620|      -|    -|
+-----------------+---------+-------+--------+-------+-----+
|Total            |        0|     12|    2194|   3510|    0|
+-----------------+---------+-------+--------+-------+-----+
|Available        |      280|    220|  106400|  53200|    0|
+-----------------+---------+-------+--------+-------+-----+
|Utilization (%)  |        0|      5|       2|      6|    0|
+-----------------+---------+-------+--------+-------+-----+

+ Detail: 
    * Instance: 
    +---------------------------------+-------------------------------+---------+-------+-----+-----+-----+
    |             Instance            |             Module            | BRAM_18K| DSP48E|  FF | LUT | URAM|
    +---------------------------------+-------------------------------+---------+-------+-----+-----+-----+
    |calcPerceptron_CTRL_BUS_s_axi_U  |calcPerceptron_CTRL_BUS_s_axi  |        0|      0|  188|  296|    0|
    |calcPerceptron_fabkb_U1          |calcPerceptron_fabkb           |        0|      2|  205|  390|    0|
    |calcPerceptron_fddEe_U3          |calcPerceptron_fddEe           |        0|      0|  761|  994|    0|
    |calcPerceptron_feeOg_U4          |calcPerceptron_feeOg           |        0|      7|  277|  924|    0|
    |calcPerceptron_fmcud_U2          |calcPerceptron_fmcud           |        0|      3|  143|  321|    0|
    +---------------------------------+-------------------------------+---------+-------+-----+-----+-----+
    |Total                            |                               |        0|     12| 1574| 2925|    0|
    +---------------------------------+-------------------------------+---------+-------+-----+-----+-----+

    * DSP48E: 
    N/A

    * Memory: 
    N/A

    * FIFO: 
    N/A

    * Expression: 
    +----------------------+----------+-------+---+----+------------+------------+
    |     Variable Name    | Operation| DSP48E| FF| LUT| Bitwidth P0| Bitwidth P1|
    +----------------------+----------+-------+---+----+------------+------------+
    |add_ln21_fu_199_p2    |     +    |      0|  0|  39|          32|          32|
    |add_ln23_1_fu_244_p2  |     +    |      0|  0|  32|          32|          32|
    |add_ln23_fu_239_p2    |     +    |      0|  0|  32|          32|          32|
    |add_ln25_fu_255_p2    |     +    |      0|  0|  39|          32|          32|
    |i_fu_228_p2           |     +    |      0|  0|  38|          31|           1|
    |j_fu_213_p2           |     +    |      0|  0|  38|          31|           1|
    |icmp_ln21_fu_208_p2   |   icmp   |      0|  0|  18|          32|          32|
    |icmp_ln22_fu_223_p2   |   icmp   |      0|  0|  18|          32|          32|
    |xor_ln25_fu_268_p2    |    xor   |      0|  0|  33|          32|          33|
    +----------------------+----------+-------+---+----+------------+------------+
    |Total                 |          |      0|  0| 287|         286|         227|
    +----------------------+----------+-------+---+----+------------+------------+

    * Multiplexer: 
    +-----------------+-----+-----------+-----+-----------+
    |       Name      | LUT | Input Size| Bits| Total Bits|
    +-----------------+-----+-----------+-----+-----------+
    |ap_NS_fsm        |  217|         50|    1|         50|
    |grp_fu_173_p0    |   15|          3|   32|         96|
    |grp_fu_173_p1    |   21|          4|   32|        128|
    |i_0_reg_162      |    9|          2|   31|         62|
    |j_0_reg_126      |    9|          2|   31|         62|
    |phi_mul_reg_138  |    9|          2|   32|         64|
    |res_WEN_A        |    9|          2|    4|          8|
    |sum_1_reg_150    |    9|          2|   32|         64|
    +-----------------+-----+-----------+-----+-----------+
    |Total            |  298|         67|  195|        534|
    +-----------------+-----+-----------+-----+-----------+

    * Register: 
    +-----------------------+----+----+-----+-----------+
    |          Name         | FF | LUT| Bits| Const Bits|
    +-----------------------+----+----+-----+-----------+
    |add_ln21_reg_305       |  32|   0|   32|          0|
    |ap_CS_fsm              |  49|   0|   49|          0|
    |b_load_reg_366         |  32|   0|   32|          0|
    |b_offset_read_reg_284  |  32|   0|   32|          0|
    |i_0_reg_162            |  31|   0|   31|          0|
    |i_reg_326              |  31|   0|   31|          0|
    |inputs_read_reg_299    |  32|   0|   32|          0|
    |j_0_reg_126            |  31|   0|   31|          0|
    |j_reg_318              |  31|   0|   31|          0|
    |neurons_read_reg_294   |  32|   0|   32|          0|
    |phi_mul_reg_138        |  32|   0|   32|          0|
    |reg_194                |  32|   0|   32|          0|
    |sum_1_reg_150          |  32|   0|   32|          0|
    |tmp_i_i_reg_376        |  32|   0|   32|          0|
    |tmp_reg_356            |  32|   0|   32|          0|
    |w_load_reg_351         |  32|   0|   32|          0|
    |w_offset_read_reg_289  |  32|   0|   32|          0|
    |x_load_reg_346         |  32|   0|   32|          0|
    |zext_ln21_reg_310      |  31|   0|   32|          1|
    +-----------------------+----+----+-----+-----------+
    |Total                  | 620|   0|  621|          1|
    +-----------------------+----+----+-----+-----------+



================================================================
== Interface
================================================================
* Summary: 
+------------------------+-----+-----+------------+----------------+--------------+
|        RTL Ports       | Dir | Bits|  Protocol  |  Source Object |    C Type    |
+------------------------+-----+-----+------------+----------------+--------------+
|s_axi_CTRL_BUS_AWVALID  |  in |    1|    s_axi   |    CTRL_BUS    |    scalar    |
|s_axi_CTRL_BUS_AWREADY  | out |    1|    s_axi   |    CTRL_BUS    |    scalar    |
|s_axi_CTRL_BUS_AWADDR   |  in |    6|    s_axi   |    CTRL_BUS    |    scalar    |
|s_axi_CTRL_BUS_WVALID   |  in |    1|    s_axi   |    CTRL_BUS    |    scalar    |
|s_axi_CTRL_BUS_WREADY   | out |    1|    s_axi   |    CTRL_BUS    |    scalar    |
|s_axi_CTRL_BUS_WDATA    |  in |   32|    s_axi   |    CTRL_BUS    |    scalar    |
|s_axi_CTRL_BUS_WSTRB    |  in |    4|    s_axi   |    CTRL_BUS    |    scalar    |
|s_axi_CTRL_BUS_ARVALID  |  in |    1|    s_axi   |    CTRL_BUS    |    scalar    |
|s_axi_CTRL_BUS_ARREADY  | out |    1|    s_axi   |    CTRL_BUS    |    scalar    |
|s_axi_CTRL_BUS_ARADDR   |  in |    6|    s_axi   |    CTRL_BUS    |    scalar    |
|s_axi_CTRL_BUS_RVALID   | out |    1|    s_axi   |    CTRL_BUS    |    scalar    |
|s_axi_CTRL_BUS_RREADY   |  in |    1|    s_axi   |    CTRL_BUS    |    scalar    |
|s_axi_CTRL_BUS_RDATA    | out |   32|    s_axi   |    CTRL_BUS    |    scalar    |
|s_axi_CTRL_BUS_RRESP    | out |    2|    s_axi   |    CTRL_BUS    |    scalar    |
|s_axi_CTRL_BUS_BVALID   | out |    1|    s_axi   |    CTRL_BUS    |    scalar    |
|s_axi_CTRL_BUS_BREADY   |  in |    1|    s_axi   |    CTRL_BUS    |    scalar    |
|s_axi_CTRL_BUS_BRESP    | out |    2|    s_axi   |    CTRL_BUS    |    scalar    |
|ap_clk                  |  in |    1| ap_ctrl_hs | calcPerceptron | return value |
|ap_rst_n                |  in |    1| ap_ctrl_hs | calcPerceptron | return value |
|interrupt               | out |    1| ap_ctrl_hs | calcPerceptron | return value |
|x_Addr_A                | out |   32|    bram    |        x       |     array    |
|x_EN_A                  | out |    1|    bram    |        x       |     array    |
|x_WEN_A                 | out |    4|    bram    |        x       |     array    |
|x_Din_A                 | out |   32|    bram    |        x       |     array    |
|x_Dout_A                |  in |   32|    bram    |        x       |     array    |
|x_Clk_A                 | out |    1|    bram    |        x       |     array    |
|x_Rst_A                 | out |    1|    bram    |        x       |     array    |
|w_Addr_A                | out |   32|    bram    |        w       |     array    |
|w_EN_A                  | out |    1|    bram    |        w       |     array    |
|w_WEN_A                 | out |    4|    bram    |        w       |     array    |
|w_Din_A                 | out |   32|    bram    |        w       |     array    |
|w_Dout_A                |  in |   32|    bram    |        w       |     array    |
|w_Clk_A                 | out |    1|    bram    |        w       |     array    |
|w_Rst_A                 | out |    1|    bram    |        w       |     array    |
|b_Addr_A                | out |   32|    bram    |        b       |     array    |
|b_EN_A                  | out |    1|    bram    |        b       |     array    |
|b_WEN_A                 | out |    4|    bram    |        b       |     array    |
|b_Din_A                 | out |   32|    bram    |        b       |     array    |
|b_Dout_A                |  in |   32|    bram    |        b       |     array    |
|b_Clk_A                 | out |    1|    bram    |        b       |     array    |
|b_Rst_A                 | out |    1|    bram    |        b       |     array    |
|res_Addr_A              | out |   32|    bram    |       res      |     array    |
|res_EN_A                | out |    1|    bram    |       res      |     array    |
|res_WEN_A               | out |    4|    bram    |       res      |     array    |
|res_Din_A               | out |   32|    bram    |       res      |     array    |
|res_Dout_A              |  in |   32|    bram    |       res      |     array    |
|res_Clk_A               | out |    1|    bram    |       res      |     array    |
|res_Rst_A               | out |    1|    bram    |       res      |     array    |
+------------------------+-----+-----+------------+----------------+--------------+

